// Jest Snapshot v1, https://goo.gl/fbAQLP

exports[`should render Movie Page correctly 1`] = `
<div
  className="movie"
>
  <img
    alt=""
    src="https://poster.com"
  />
  <[object Object]
    to="/movie/123"
  >
    <span>
      poster name
    </span>
  </[object Object]>
</div>
`;
